// Jest Snapshot v1, https://goo.gl/fbAQLP

exports[`VolumeButton User navigates to VolumeButton 1`] = `
<ForwardRef
  activeOpacity={1}
  onPress={[Function]}
  style={
    Object {
      "alignItems": "center",
      "height": 1334,
      "justifyContent": "center",
      "position": "absolute",
      "width": 750,
    }
  }
  testID="btnID"
>
  <ForwardRef(AnimatedComponentWrapper)
    style={
      Array [
        Object {
          "alignItems": "center",
          "backgroundColor": "rgba(0,0,0,0.5)",
          "borderRadius": 30,
          "height": 60,
          "justifyContent": "center",
          "position": "absolute",
          "width": 60,
        },
        Object {
          "opacity": 0,
        },
      ]
    }
  >
    <mockFontAwesome5
      color="white"
      name="volume-up"
      size={16}
      style={
        Object {
          "height": 20,
          "width": 20,
        }
      }
    />
  </ForwardRef(AnimatedComponentWrapper)>
</ForwardRef>
`;
